Microchip MPLAB XC8 Compiler V3.00

Linker command line:

-W-3 \
  --edf=C:\Program Files\Microchip\xc8\v3.00\pic\dat\20241204225717_en.msgs \
  -cn -h+dist/default/production\Pick_to_Light_Client.X.production.sym \
  --cmf=dist/default/production\Pick_to_Light_Client.X.production.cmf -z \
  -Q18F4580 -oC:\Users\ANUBHA~1\AppData\Local\Temp\xcAsrk.\driver_tmp_3.o \
  --defsym=__MPLAB_BUILD=1 --fixupoverflow=error \
  -Mdist/default/production/Pick_to_Light_Client.X.production.map \
  --md=C:\Users\ANUBHA~1\AppData\Local\Temp\xcAsrk.\driver_tmp_0.dat -E1 \
  -ver=XC8 Compiler -ACODE=00h-03000h -ACONST=00h-03000h \
  -ASMALLCONST=0600h-06FFhx42,03000h-03000h -AMEDIUMCONST=0600h-03000h \
  -ACOMRAM=01h-05Fh -AABS1=00h-05FFh -ABIGRAM=01h-05FFh \
  -ARAM=060h-0FFh,0100h-01FFhx5 -ABANK0=060h-0FFh -ABANK1=0100h-01FFh \
  -ABANK2=0200h-02FFh -ABANK3=0300h-03FFh -ABANK4=0400h-04FFh \
  -ABANK5=0500h-05FFh -ASFR=0D00h-0DFFhx2,0F00h-0F5Fh,0F60h-0FFFh \
  -ABIGSFR=0D00h-0FFFh -ACONFIG=0300000h-030000Dh -AIDLOC=0200000h-0200007h \
  -AEEDATA=0F00000h-0F000FFh -peeprom_data=EEDATA \
  -preset_vec=00h,intcode=8h,intcodelo=18h,sivt_lo,sivt_hi=CODE \
  -ppowerup=CODE,init -pramtop=0600h -psmallconst=SMALLCONST \
  -pmediumconst=MEDIUMCONST -pconst=CONST -AFARRAM=00h-00h \
  -prdata=COMRAM,nvrram=COMRAM,nvbit=COMRAM,rbss=COMRAM,rbit=COMRAM \
  -pfarbss=FARRAM,fardata=FARRAM,nvFARRAM=FARRAM \
  -pintsave_regs=BIGRAM,bigbss=BIGRAM,bigdata=BIGRAM -pbss=RAM \
  -pidata=CODE,irdata=CODE,ibigdata=CODE,ifardata=CODE -prparam=COMRAM \
  C:\Users\ANUBHA~1\AppData\Local\Temp\xcAsrk.\driver_tmp_9.o \
  dist/default/production\Pick_to_Light_Client.X.production.o 

Object code version is 3.11

Machine type is 18F4580



                Name                               Link     Load   Length Selector   Space Scale
C:\Users\ANUBHA~1\AppData\Local\Temp\xcAsrk.\driver_tmp_9.o
                idloc                            200000   200000        8        0       5
                config                           300000   300000        E        0       4
                init                                  E        E        4        4       0
                reset_vec                             0        0        4        0       0
dist/default/production\Pick_to_Light_Client.X.production.o
                intcode                               8        8        6        4       0
                idloc                            200000   200000        8        0       5
                config                           300000   300000        E        0       4
                temp                                 5E       5E        1        1       1
                smallconst                          600      600        2      300       0
                text19                             14DC     14DC       12      301       0
                intcode_body                       10FC     10FC       82      301       0
                text17                             1334     1334       50      301       0
                text16                             11F6     11F6       74      301       0
                text15                             12D0     12D0       64      301       0
                text14                             117E     117E       78      301       0
                text13                             1384     1384       4A      301       0
                text12                             1054     1054       A8      301       0
                text11                             14CA     14CA       12      301       0
                text10                             145C     145C       30      301       0
                text9                               602      602      306      301       0
                text8                              14A4     14A4       14      301       0
                text7                              13CE     13CE       48      301       0
                text6                              14FA     14FA        8      301       0
                text5                              14EE     14EE        C      301       0
                text4                              14B8     14B8       12      301       0
                text3                              1416     1416       46      301       0
                text2                               BCC      BCC      2C4      301       0
                text1                               908      908      2C4      301       0
                text0                               E90      E90      1C4      301       0
                cstackCOMRAM                         28       28       1E        1       1
                dataBANK0                            6F       6F        4       60       1
                bssBANK0                             60       60        F       60       1
                dataCOMRAM                           46       46       18        1       1
                bssCOMRAM                             1        1       27        1       1
                cinit                              126A     126A       66      301       0
                idataBANK0                         1502     1502        4      301       0
                idataCOMRAM                        148C     148C       18      301       0

TOTAL           Name                               Link     Load   Length     Space
        CLASS   CODE           
                intcode                               8        8        6         0
                init                                  E        E        4         0
                reset_vec                             0        0        4         0
                text19                             14DC     14DC       12         0
                intcode_body                       10FC     10FC       82         0
                text17                             1334     1334       50         0
                text16                             11F6     11F6       74         0
                text15                             12D0     12D0       64         0
                text14                             117E     117E       78         0
                text13                             1384     1384       4A         0
                text12                             1054     1054       A8         0
                text11                             14CA     14CA       12         0
                text10                             145C     145C       30         0
                text9                               602      602      306         0
                text8                              14A4     14A4       14         0
                text7                              13CE     13CE       48         0
                text6                              14FA     14FA        8         0
                text5                              14EE     14EE        C         0
                text4                              14B8     14B8       12         0
                text3                              1416     1416       46         0
                text2                               BCC      BCC      2C4         0
                text1                               908      908      2C4         0
                text0                               E90      E90      1C4         0
                cinit                              126A     126A       66         0
                idataBANK0                         1502     1502        4         0
                idataCOMRAM                        148C     148C       18         0

        CLASS   CONST          

        CLASS   SMALLCONST     
                smallconst                          600      600        2         0

        CLASS   MEDIUMCONST    

        CLASS   COMRAM         
                temp                                 5E       5E        1         1
                cstackCOMRAM                         28       28       1E         1
                dataCOMRAM                           46       46       18         1
                bssCOMRAM                             1        1       27         1

        CLASS   ABS1           

        CLASS   BIGRAM         

        CLASS   RAM            

        CLASS   BANK0          
                dataBANK0                            6F       6F        4         1
                bssBANK0                             60       60        F         1

        CLASS   BANK1          

        CLASS   BANK2          

        CLASS   BANK3          

        CLASS   BANK4          

        CLASS   BANK5          

        CLASS   SFR            

        CLASS   BIGSFR         

        CLASS   CONFIG         
                config                           300000   300000        E         4

        CLASS   IDLOC          
                idloc                            200000   200000        8         5

        CLASS   EEDATA         

        CLASS   FARRAM         

        CLASS   HEAP           

        CLASS   STACK          



SEGMENTS        Name                           Load    Length   Top    Selector   Space  Class

                reset_vec                      000000  000004  000004         0       0  CODE    
                bssCOMRAM                      000001  00005E  00005F         1       1  COMRAM  
                intcode                        000008  00000A  000012         4       0  CODE    
                bssBANK0                       000060  000013  000073        60       1  BANK0   
                smallconst                     000600  000002  000602       300       0  SMALLCON
                text9                          000602  000F04  001506       301       0  CODE    


UNUSED ADDRESS RANGES

        Name                Unused          Largest block    Delta
        BANK0            000073-0000FF               8D
        BANK1            000100-0001FF              100
        BANK2            000200-0002FF              100
        BANK3            000300-0003FF              100
        BANK4            000400-0004FF              100
        BANK5            000500-0005FF              100
        BIGRAM           00005F-00005F                1
                         000073-0005FF              58D
        BIGSFR           000D00-000FFF              300
        CODE             000004-000007                4
                         000012-0005FF              5EE
                         001506-003000             1AFB
        COMRAM           00005F-00005F                1
        CONST            000004-000007                4
                         000012-0005FF              5EE
                         001506-003000             1AFB
        EEDATA           F00000-F000FF              100
        MEDIUMCONST      001506-003000             1AFB
        RAM              000073-0005FF              100
        SFR              000D00-000FFF              100
        SMALLCONST       001506-003000              100

                                  Symbol Table

?___lwdiv                        cstackCOMRAM 000029
?___lwmod                        cstackCOMRAM 000030
?_mystrcmp                       cstackCOMRAM 000029
_ADCON1                          (abs)        000FC1
_BRGCON1                         (abs)        000F70
_BRGCON2                         (abs)        000F71
_BRGCON3                         (abs)        000F72
_CANCON                          (abs)        000F6F
_CANSTAT                         (abs)        000F6E
_CFGS                            (abs)        007D36
_ECANCON                         (abs)        000F77
_EEADR                           (abs)        000FA9
_EECON2                          (abs)        000FA7
_EEDATA                          (abs)        000FA8
_EEPGD                           (abs)        007D37
_GIE                             (abs)        007F97
_INT0E                           (abs)        007F94
_INT0F                           (abs)        007F91
_INTEDG0                         (abs)        007F8E
_PEIE                            (abs)        007F96
_PORTA                           (abs)        000F80
_PORTC                           (abs)        000F82
_PORTD                           (abs)        000F83
_P_ID_rx                         bssBANK0     00006A
_RD                              (abs)        007D30
_RXB0CON                         (abs)        000F60
_RXB0D0                          (abs)        000F66
_RXB0D1                          (abs)        000F67
_RXB0D2                          (abs)        000F68
_RXB0D3                          (abs)        000F69
_RXB0D4                          (abs)        000F6A
_RXB0D5                          (abs)        000F6B
_RXB0D6                          (abs)        000F6C
_RXB0D7                          (abs)        000F6D
_RXB0DLC                         (abs)        000F65
_RXB0EIDH                        (abs)        000F63
_RXB0EIDL                        (abs)        000F64
_RXB0FUL                         (abs)        007B07
_RXB0IF                          (abs)        007D20
_RXB0SIDH                        (abs)        000F61
_RXB0SIDL                        (abs)        000F62
_RXF0EIDH                        (abs)        000F02
_RXF0EIDL                        (abs)        000F03
_RXF0SIDH                        (abs)        000F00
_RXF0SIDL                        (abs)        000F01
_RXFCON0                         (abs)        000DD4
_TRISA                           (abs)        000F92
_TRISB2                          (abs)        007C9A
_TRISB3                          (abs)        007C9B
_TRISC                           (abs)        000F94
_TRISD                           (abs)        000F95
_TXB0D0                          (abs)        000F46
_TXB0D1                          (abs)        000F47
_TXB0D2                          (abs)        000F48
_TXB0D3                          (abs)        000F49
_TXB0D4                          (abs)        000F4A
_TXB0D5                          (abs)        000F4B
_TXB0D6                          (abs)        000F4C
_TXB0D7                          (abs)        000F4D
_TXB0DLC                         (abs)        000F45
_TXB0EIDH                        (abs)        000F43
_TXB0EIDL                        (abs)        000F44
_TXB0REQ                         (abs)        007A03
_TXB0SIDH                        (abs)        000F41
_TXB0SIDL                        (abs)        000F42
_U_ST                            bssCOMRAM    000008
_U_ST_rx                         bssCOMRAM    000001
_WR                              (abs)        007D31
_WREN                            (abs)        007D32
__HRAM                           (abs)        000000
__H__absolute__                  __absolute__ 000000
__Habs1                          abs1         000000
__Hbank0                         bank0        000000
__Hbank1                         bank1        000000
__Hbank2                         bank2        000000
__Hbank3                         bank3        000000
__Hbank4                         bank4        000000
__Hbank5                         bank5        000000
__Hbigbss                        bigbss       000000
__Hbigdata                       bigdata      000000
__Hbigram                        bigram       000000
__Hbigsfr                        bigsfr       000000
__Hbss                           bss          000000
__HbssBANK0                      bssBANK0     000000
__HbssCOMRAM                     bssCOMRAM    000000
__Hcinit                         cinit        000000
__Hclrtext                       clrtext      000000
__Hcomram                        comram       000000
__Hconfig                        config       30000E
__Hconst                         const        000000
__HcstackCOMRAM                  cstackCOMRAM 000000
__Hdata                          data         000000
__HdataBANK0                     dataBANK0    000000
__HdataCOMRAM                    dataCOMRAM   000000
__Heeprom_data                   eeprom_data  000000
__Hfarbss                        farbss       000000
__Hfardata                       fardata      000000
__Hheap                          heap         000000
__Hibigdata                      ibigdata     000000
__Hidata                         idata        000000
__HidataBANK0                    idataBANK0   000000
__HidataCOMRAM                   idataCOMRAM  000000
__Hidloc                         idloc        200008
__Hifardata                      ifardata     000000
__Hinit                          init         000012
__Hintcode                       intcode      00000E
__Hintcode_body                  intcode_body 000000
__Hintcodelo                     intcodelo    000018
__Hintentry                      intentry     000000
__Hintret                        intret       000000
__Hintsave_regs                  intsave_regs 000000
__Hirdata                        irdata       000000
__Hmediumconst                   mediumconst  000000
__HnvFARRAM                      nvFARRAM     000000
__Hnvbit                         nvbit        000000
__Hnvrram                        nvrram       000000
__Hparam                         rparam       000000
__Hpowerup                       powerup      000000
__Hram                           ram          000000
__Hramtop                        ramtop       000600
__Hrbit                          rbit         000000
__Hrbss                          rbss         000000
__Hrdata                         rdata        000000
__Hreset_vec                     reset_vec    000004
__Hrparam                        rparam       000000
__Hsfr                           sfr          000000
__Hsivt_hi                       sivt_hi      000000
__Hsivt_lo                       sivt_lo      000018
__Hsmallconst                    smallconst   000602
__Hspace_0                       (abs)        001506
__Hspace_1                       (abs)        000073
__Hspace_2                       (abs)        000000
__Hspace_4                       (abs)        60000E
__Hstack                         stack        000000
__Hstruct                        struct       000000
__Htemp                          temp         00005F
__Htext                          text         000000
__Htext0                         text0        000000
__Htext1                         text1        000000
__Htext10                        text10       000000
__Htext11                        text11       000000
__Htext12                        text12       000000
__Htext13                        text13       000000
__Htext14                        text14       000000
__Htext15                        text15       000000
__Htext16                        text16       000000
__Htext17                        text17       000000
__Htext19                        text19       000000
__Htext2                         text2        000000
__Htext3                         text3        000000
__Htext4                         text4        000000
__Htext5                         text5        000000
__Htext6                         text6        000000
__Htext7                         text7        000000
__Htext8                         text8        000000
__Htext9                         text9        000000
__LRAM                           (abs)        000001
__L__absolute__                  __absolute__ 000000
__Labs1                          abs1         000000
__Lbank0                         bank0        000000
__Lbank1                         bank1        000000
__Lbank2                         bank2        000000
__Lbank3                         bank3        000000
__Lbank4                         bank4        000000
__Lbank5                         bank5        000000
__Lbigbss                        bigbss       000000
__Lbigdata                       bigdata      000000
__Lbigram                        bigram       000000
__Lbigsfr                        bigsfr       000000
__Lbss                           bss          000000
__LbssBANK0                      bssBANK0     000000
__LbssCOMRAM                     bssCOMRAM    000000
__Lcinit                         cinit        000000
__Lclrtext                       clrtext      000000
__Lcomram                        comram       000000
__Lconfig                        config       000000
__Lconst                         const        000000
__LcstackCOMRAM                  cstackCOMRAM 000000
__Ldata                          data         000000
__LdataBANK0                     dataBANK0    000000
__LdataCOMRAM                    dataCOMRAM   000000
__Leeprom_data                   eeprom_data  000000
__Lfarbss                        farbss       000000
__Lfardata                       fardata      000000
__Lheap                          heap         000000
__Libigdata                      ibigdata     000000
__Lidata                         idata        000000
__LidataBANK0                    idataBANK0   000000
__LidataCOMRAM                   idataCOMRAM  000000
__Lidloc                         idloc        000000
__Lifardata                      ifardata     000000
__Linit                          init         00000E
__Lintcode                       intcode      000008
__Lintcode_body                  intcode_body 000000
__Lintcodelo                     intcodelo    000018
__Lintentry                      intentry     000000
__Lintret                        intret       000000
__Lintsave_regs                  intsave_regs 000000
__Lirdata                        irdata       000000
__Lmediumconst                   mediumconst  000000
__LnvFARRAM                      nvFARRAM     000000
__Lnvbit                         nvbit        000000
__Lnvrram                        nvrram       000000
__Lparam                         rparam       000000
__Lpowerup                       powerup      000000
__Lram                           ram          000000
__Lramtop                        ramtop       000600
__Lrbit                          rbit         000000
__Lrbss                          rbss         000000
__Lrdata                         rdata        000000
__Lreset_vec                     reset_vec    000000
__Lrparam                        rparam       000000
__Lsfr                           sfr          000000
__Lsivt_hi                       sivt_hi      000000
__Lsivt_lo                       sivt_lo      000018
__Lsmallconst                    smallconst   000600
__Lspace_0                       (abs)        000000
__Lspace_1                       (abs)        000000
__Lspace_2                       (abs)        000000
__Lspace_4                       (abs)        000000
__Lstack                         stack        000000
__Lstruct                        struct       000000
__Ltemp                          temp         00005E
__Ltext                          text         000000
__Ltext0                         text0        000000
__Ltext1                         text1        000000
__Ltext10                        text10       000000
__Ltext11                        text11       000000
__Ltext12                        text12       000000
__Ltext13                        text13       000000
__Ltext14                        text14       000000
__Ltext15                        text15       000000
__Ltext16                        text16       000000
__Ltext17                        text17       000000
__Ltext19                        text19       000000
__Ltext2                         text2        000000
__Ltext3                         text3        000000
__Ltext4                         text4        000000
__Ltext5                         text5        000000
__Ltext6                         text6        000000
__Ltext7                         text7        000000
__Ltext8                         text8        000000
__Ltext9                         text9        000000
__S0                             (abs)        001506
__S1                             (abs)        000073
__S4                             (abs)        000000
__S5                             (abs)        000000
___heap_hi                       (abs)        000000
___heap_lo                       (abs)        000000
___inthi_sp                      stack        000000
___inthi_stack_hi                stack        000000
___inthi_stack_lo                stack        000000
___intlo_sp                      stack        000000
___intlo_stack_hi                stack        000000
___intlo_stack_lo                stack        000000
___lwdiv                         text16       0011F6
___lwdiv@counter                 cstackCOMRAM 00002F
___lwdiv@dividend                cstackCOMRAM 000029
___lwdiv@divisor                 cstackCOMRAM 00002B
___lwdiv@quotient                cstackCOMRAM 00002D
___lwmod                         text15       0012D0
___lwmod@counter                 cstackCOMRAM 000034
___lwmod@dividend                cstackCOMRAM 000030
___lwmod@divisor                 cstackCOMRAM 000032
___param_bank                    (abs)        000000
___rparam_used                   (abs)        000001
___sp                            stack        000000
___stack_hi                      stack        000000
___stack_lo                      stack        000000
__accesstop                      (abs)        000060
__activetblptr                   (abs)        000002
__end_of___lwdiv                 text16       00126A
__end_of___lwmod                 text15       001334
__end_of__initialization         cinit        0012C2
__end_of_can_receive             text17       001384
__end_of_can_transmit            text3        00145C
__end_of_client_receive          text9        000908
__end_of_display                 text14       0011F6
__end_of_edge_dkp                text13       0013CE
__end_of_init_SSD                text8        0014B8
__end_of_init_can                text7        001416
__end_of_init_config             text4        0014CA
__end_of_init_dkp                text6        001502
__end_of_init_external_interrupt text5        0014FA
__end_of_isr                     intcode_body 00117E
__end_of_main                    text0        001054
__end_of_mode1                   text2        000E90
__end_of_mode2                   text1        000BCC
__end_of_mystrcmp                text12       0010FC
__end_of_read_internal_eeprom    text11       0014DC
__end_of_write_internal_eeprom   text10       00148C
__end_ofi2_read_internal_eeprom  text19       0014EE
__initialization                 cinit        00126A
__mediumconst                    smallconst   000600
__pbssBANK0                      bssBANK0     000060
__pbssCOMRAM                     bssCOMRAM    000001
__pcinit                         cinit        00126A
__pcstackCOMRAM                  cstackCOMRAM 000028
__pdataBANK0                     dataBANK0    00006F
__pdataCOMRAM                    dataCOMRAM   000046
__pidataBANK0                    idataBANK0   001502
__pidataCOMRAM                   idataCOMRAM  00148C
__pintcode                       intcode      000008
__pintcode_body                  intcode_body 0010FC
__psmallconst                    smallconst   000600
__ptext0                         text0        000E90
__ptext1                         text1        000908
__ptext10                        text10       00145C
__ptext11                        text11       0014CA
__ptext12                        text12       001054
__ptext13                        text13       001384
__ptext14                        text14       00117E
__ptext15                        text15       0012D0
__ptext16                        text16       0011F6
__ptext17                        text17       001334
__ptext19                        text19       0014DC
__ptext2                         text2        000BCC
__ptext3                         text3        001416
__ptext4                         text4        0014B8
__ptext5                         text5        0014EE
__ptext6                         text6        0014FA
__ptext7                         text7        0013CE
__ptext8                         text8        0014A4
__ptext9                         text9        000602
__ramtop                         ramtop       000600
__smallconst                     smallconst   000600
_c1                              bssCOMRAM    00001E
_c2                              bssCOMRAM    00001D
_c3                              bssCOMRAM    00001C
_c4                              bssCOMRAM    00001B
_c5                              bssCOMRAM    00001A
_c6                              bssCOMRAM    000019
_c7                              bssCOMRAM    000018
_c8                              bssCOMRAM    000017
_can_payload                     bssBANK0     000060
_can_receive                     text17       001334
_can_transmit                    text3        001416
_client_receive                  text9        000602
_client_receive_compare_flag     bssCOMRAM    000015
_client_receive_flag             bssCOMRAM    000016
_client_receive_key              bssCOMRAM    00000A
_client_receive_once_flag        bssCOMRAM    000021
_disp_mode1                      dataCOMRAM   000058
_disp_mode2                      dataBANK0    00006F
_disp_num                        dataCOMRAM   000046
_display                         text14       00117E
_dp_select                       dataCOMRAM   00005D
_edge_dkp                        text13       001384
_init_SSD                        text8        0014A4
_init_can                        text7        0013CE
_init_config                     text4        0014B8
_init_dkp                        text6        0014FA
_init_external_interrupt         text5        0014EE
_isr                             intcode      000008
_key_detected                    bssCOMRAM    000012
_key_press                       bssCOMRAM    000010
_main                            text0        000E90
_mode1                           text2        000BCC
_mode1_keypress                  bssCOMRAM    00000E
_mode1_once                      bssCOMRAM    000023
_mode2                           text1        000908
_mode2_keypress                  bssCOMRAM    00000C
_mode2_once                      bssCOMRAM    000022
_mode_select                     bssCOMRAM    00001F
_mode_switch                     bssCOMRAM    000020
_mystrcmp                        text12       001054
_orig_PID                        bssBANK0     000065
_pid_addr                        dataCOMRAM   000050
_prev_key                        bssCOMRAM    000006
_prev_mode                       bssCOMRAM    000014
_read_internal_eeprom            text11       0014CA
_ssd                             bssCOMRAM    000024
_ust_addr                        dataCOMRAM   000054
_write_internal_eeprom           text10       00145C
btemp                            temp         00005E
client_receive@i                 cstackCOMRAM 000043
display@i                        cstackCOMRAM 00002E
display@ssd                      cstackCOMRAM 000029
display@wait                     cstackCOMRAM 00002C
edge_dkp@once                    dataCOMRAM   00005C
end_of_initialization            cinit        0012C2
i2_read_internal_eeprom          text19       0014DC
i2read_internal_eeprom@addr      cstackCOMRAM 000028
int$flags                        temp         00005E
int_func                         intcode_body 0010FC
intlevel0                        text         000000
intlevel1                        text         000000
intlevel2                        text         000000
intlevel3                        text         000000
isa$std                          (abs)        000001
isa$xinst                        (abs)        000000
mystrcmp@i                       cstackCOMRAM 00002D
mystrcmp@str1                    cstackCOMRAM 000029
mystrcmp@str2                    cstackCOMRAM 00002A
read_internal_eeprom@addr        cstackCOMRAM 000029
stackhi                          (abs)        000000
stacklo                          (abs)        000000
start                            init         00000E
start_initialization             cinit        00126A
ttemp5                           temp         00005F
ttemp6                           temp         000062
ttemp7                           temp         000066
write_internal_eeprom@addr       cstackCOMRAM 000036
write_internal_eeprom@data       cstackCOMRAM 000035
wtemp8                           temp         00005F


MODULE INFORMATION

Module		Function		Class		Link	Load	Size
Digital_Keypad.c
		_init_dkp      		CODE           	14FA	0000	8
		_edge_dkp      		CODE           	1384	0000	74

Digital_Keypad.c estimated size: 82

SSD.c
		_init_SSD      		CODE           	14A4	0000	20
		_display       		CODE           	117E	0000	120

SSD.c estimated size: 140

C:\Program Files\Microchip\xc8\v3.00\pic\sources\c99\common\lwmod.c
		___lwmod       		CODE           	12D0	0000	100

C:\Program Files\Microchip\xc8\v3.00\pic\sources\c99\common\lwmod.c estimated size: 100

mode1.c
		_mode1         		CODE           	0BCC	0000	708

mode1.c estimated size: 708

isr.c
		_isr           		CODE           	0008	0000	136

isr.c estimated size: 136

client_receive.c
		_client_receive		CODE           	0602	0000	774
		_mystrcmp      		CODE           	1054	0000	168

client_receive.c estimated size: 942

External_Interrupt.c
		_init_external_interrupt		CODE           	14EE	0000	12

External_Interrupt.c estimated size: 12

shared
		i2_read_internal_eeprom		CODE           	14DC	0000	18
		__initialization		CODE           	126A	0000	88

shared estimated size: 106

can.c
		_can_transmit  		CODE           	1416	0000	70
		_init_can      		CODE           	13CE	0000	72
		_can_receive   		CODE           	1334	0000	80

can.c estimated size: 222

Internal_EEPROM.c
		_read_internal_eeprom		CODE           	14CA	0000	18
		_write_internal_eeprom		CODE           	145C	0000	48

Internal_EEPROM.c estimated size: 66

C:\Program Files\Microchip\xc8\v3.00\pic\sources\c99\common\lwdiv.c
		___lwdiv       		CODE           	11F6	0000	116

C:\Program Files\Microchip\xc8\v3.00\pic\sources\c99\common\lwdiv.c estimated size: 116

main.c
		_main          		CODE           	0E90	0000	452
		_init_config   		CODE           	14B8	0000	18

main.c estimated size: 470

mode2.c
		_mode2         		CODE           	0908	0000	708

mode2.c estimated size: 708

